// Jest Snapshot v1, https://goo.gl/fbAQLP

exports[`Welcome Renders without crashing 1`] = `
<EmptyState
  variant="small"
>
  <EmptyStateIcon
    icon={[Function]}
  />
  <Title
    headingLevel="h4"
    size="lg"
  >
    Welcome to the Migration Toolkit for Applications
  </Title>
  <EmptyStateBody>
    The Red Hat Migration Toolkit for Applications helps you quickly assess and perform large-scale application migrations and modernizations. Start by creating a project for your applications.
  </EmptyStateBody>
  <Button
    variant="primary"
  >
    New project
  </Button>
  <EmptyStateSecondaryActions>
    To learn more, visit the
    <a
      href="https://access.redhat.com/documentation/en-us/migration_toolkit_for_applications/"
      rel="noopener noreferrer"
      target="_blank"
    >
      documentation
    </a>
  </EmptyStateSecondaryActions>
</EmptyState>
`;
