// Jest Snapshot v1, https://goo.gl/fbAQLP

exports[`FetchTable Renders without crashing 1`] = `
<FormRenderer
  FormTemplate={[Function]}
  clearOnUnmount={false}
  componentMapper={
    Object {
      "checkbox": [Function],
      "date-picker": [Function],
      "dual-list-select": [Function],
      "field-array": [Function],
      "plain-text": [Function],
      "radio": [Function],
      "select": [Function],
      "slider": [Function],
      "sub-form": [Function],
      "switch": [Function],
      "tabs": [Function],
      "text-field": [Function],
      "textarea": [Function],
      "time-picker": [Function],
      "wizard": [Function],
    }
  }
  debug={[Function]}
  initialValues={Object {}}
  onCancel={[Function]}
  onSubmit={[Function]}
  schema={
    Object {
      "fields": Array [
        Object {
          "component": "sub-form",
          "fields": Array [
            Object {
              "component": "text-field",
              "helperText": "A unique name for the project",
              "isRequired": true,
              "label": "Name",
              "name": "name",
              "resolveProps": [Function],
              "validate": Array [
                [Function],
                Object {
                  "type": "required",
                },
                Object {
                  "threshold": 3,
                  "type": "min-length",
                },
              ],
            },
            Object {
              "component": "textarea",
              "helperText": "A short description of the project",
              "isRequired": false,
              "label": "Description",
              "name": "description",
              "validate": Array [],
            },
          ],
          "name": "project",
          "title": "Project details",
        },
      ],
    }
  }
/>
`;
