// Jest Snapshot v1, https://goo.gl/fbAQLP

exports[`Welcome Renders without crashing 1`] = `
<Tabs
  activeKey={0}
  component="div"
  isBox={false}
  isFilled={false}
  isSecondary={false}
  isVertical={false}
  leftScrollAriaLabel="Scroll left"
  mountOnEnter={false}
  onSelect={[Function]}
  ouiaSafe={true}
  rightScrollAriaLabel="Scroll right"
  unmountOnExit={false}
>
  <Tab
    eventKey={0}
    title={
      <TabTitleText>
        Upload
      </TabTitleText>
    }
  >
    <br />
    <UploadFilesSection
      onError={[Function]}
      onSuccess={[Function]}
    />
  </Tab>
  <Tab
    eventKey={1}
    title={
      <TabTitleText>
        Directory path
      </TabTitleText>
    }
  >
    <p>
      Not implemented yet
    </p>
  </Tab>
</Tabs>
`;
