// Jest Snapshot v1, https://goo.gl/fbAQLP

exports[`SimplePagination Renders without crashing 1`] = `
<Fragment>
  <PageSection
    variant="light"
  >
    <WithStyles(ForwardRef(Typography))
      component="div"
      variant="body1"
    >
      <WithStyles(ForwardRef(Skeleton)) />
    </WithStyles(ForwardRef(Typography))>
  </PageSection>
  <PageSection>
    <WithStyles(ForwardRef(Card))
      className="makeStyles-card-1"
    >
      <WithStyles(ForwardRef(CardHeader))
        avatar={
          <ForwardRef(WithStyles)
            animation="wave"
            height={60}
            variant="circle"
            width={60}
          />
        }
        subheader={
          <ForwardRef(WithStyles)
            animation="wave"
            height={20}
            width="40%"
          />
        }
        title={
          <ForwardRef(WithStyles)
            animation="wave"
            height={20}
            style={
              Object {
                "marginBottom": 6,
              }
            }
            width="80%"
          />
        }
      />
      <WithStyles(ForwardRef(Skeleton))
        animation="wave"
        className="makeStyles-media-2"
        variant="rect"
      />
      <WithStyles(ForwardRef(CardContent))>
        <WithStyles(ForwardRef(Skeleton))
          animation="wave"
          height={20}
          style={
            Object {
              "marginBottom": 6,
            }
          }
        />
        <WithStyles(ForwardRef(Skeleton))
          animation="wave"
          height={20}
          width="80%"
        />
      </WithStyles(ForwardRef(CardContent))>
    </WithStyles(ForwardRef(Card))>
  </PageSection>
</Fragment>
`;
