// Jest Snapshot v1, https://goo.gl/fbAQLP

exports[`Welcome Renders without crashing 1`] = `
<EmptyState
  variant="large"
>
  <div>
    <ProcessImprovementIcon
      className="pf-c-empty-state__icon"
      height="54px"
      style={
        Object {
          "opacity": 0.6,
        }
      }
    />
  </div>
  <Title
    headingLevel="h4"
    size="lg"
  >
    Welcome to 
    Migration Toolkit for Applications
  </Title>
  <EmptyStateBody>
    Migration Toolkit for Applications
     helps you assess and perform large-scale application migrations and modernizations. Start by creating a project for your applications.
  </EmptyStateBody>
  <Button
    onClick={[Function]}
    variant="primary"
  >
    Create project
  </Button>
  <EmptyStateSecondaryActions>
    To learn more, visit the
    <a
      href="https://access.redhat.com/documentation/en-us/migration_toolkit_for_applications/"
      rel="noopener noreferrer"
      target="_blank"
    >
      documentation
    </a>
    .
  </EmptyStateSecondaryActions>
</EmptyState>
`;
