// Jest Snapshot v1, https://goo.gl/fbAQLP

exports[`FetchTable Renders without crashing 1`] = `
<Fragment>
  <Table
    actions={
      Array [
        Object {
          "onClick": [Function],
          "title": "Action1",
        },
        Object {
          "onClick": [Function],
          "title": "Action2",
        },
      ]
    }
    aria-label="Table"
    borders={true}
    canSelectAll={true}
    cells={
      Array [
        Object {
          "title": "Col1",
        },
        Object {
          "title": "Col2",
        },
        Object {
          "title": "Col3",
        },
      ]
    }
    className=""
    contentId="expanded-content"
    dropdownDirection="down"
    dropdownPosition="right"
    expandId="expandable-toggle"
    gridBreakPoint="grid-md"
    isStickyHeader={false}
    ouiaSafe={true}
    role="grid"
    rowLabeledBy="simple-node"
    rows={
      Array [
        Object {
          "cells": Array [
            Object {
              "title": "0,0",
            },
            Object {
              "title": "0,1",
            },
            Object {
              "title": "0,2",
            },
          ],
        },
        Object {
          "cells": Array [
            Object {
              "title": "1,0",
            },
            Object {
              "title": "1,1",
            },
            Object {
              "title": "1,2",
            },
          ],
        },
        Object {
          "cells": Array [
            Object {
              "title": "2,0",
            },
            Object {
              "title": "2,1",
            },
            Object {
              "title": "2,2",
            },
          ],
        },
        Object {
          "cells": Array [
            Object {
              "title": "3,0",
            },
            Object {
              "title": "3,1",
            },
            Object {
              "title": "3,2",
            },
          ],
        },
        Object {
          "cells": Array [
            Object {
              "title": "4,0",
            },
            Object {
              "title": "4,1",
            },
            Object {
              "title": "4,2",
            },
          ],
        },
        Object {
          "cells": Array [
            Object {
              "title": "5,0",
            },
            Object {
              "title": "5,1",
            },
            Object {
              "title": "5,2",
            },
          ],
        },
        Object {
          "cells": Array [
            Object {
              "title": "6,0",
            },
            Object {
              "title": "6,1",
            },
            Object {
              "title": "6,2",
            },
          ],
        },
        Object {
          "cells": Array [
            Object {
              "title": "7,0",
            },
            Object {
              "title": "7,1",
            },
            Object {
              "title": "7,2",
            },
          ],
        },
        Object {
          "cells": Array [
            Object {
              "title": "8,0",
            },
            Object {
              "title": "8,1",
            },
            Object {
              "title": "8,2",
            },
          ],
        },
        Object {
          "cells": Array [
            Object {
              "title": "9,0",
            },
            Object {
              "title": "9,1",
            },
            Object {
              "title": "9,2",
            },
          ],
        },
        Object {
          "cells": Array [
            Object {
              "title": "10,0",
            },
            Object {
              "title": "10,1",
            },
            Object {
              "title": "10,2",
            },
          ],
        },
        Object {
          "cells": Array [
            Object {
              "title": "11,0",
            },
            Object {
              "title": "11,1",
            },
            Object {
              "title": "11,2",
            },
          ],
        },
        Object {
          "cells": Array [
            Object {
              "title": "12,0",
            },
            Object {
              "title": "12,1",
            },
            Object {
              "title": "12,2",
            },
          ],
        },
        Object {
          "cells": Array [
            Object {
              "title": "13,0",
            },
            Object {
              "title": "13,1",
            },
            Object {
              "title": "13,2",
            },
          ],
        },
        Object {
          "cells": Array [
            Object {
              "title": "14,0",
            },
            Object {
              "title": "14,1",
            },
            Object {
              "title": "14,2",
            },
          ],
        },
      ]
    }
    variant={null}
  >
    <TableHeader />
    <Component />
  </Table>
</Fragment>
`;
